
--- TEST START ---
Electron require success
App version: 28.3.3
--- TEST END ---
